85.161.219.36 - - [19/Oct/2021:10:45:21 +0100] "POST /loki/api/v1/push HTTP/1.1" 204 3125 "-" "promtail/"
85.161.219.36 - - [19/Oct/2021:10:46:21 +0100] "POST /loki/api/v1/push HTTP/1.1" 204 3125 "-" "promtail/"
85.161.219.36 - - [19/Oct/2021:10:47:21 +0100] "POST /loki/api/v1/push HTTP/1.1" 204 3124 "-" "promtail/"
17.43.149.114 - - [19/Oct/2021:10:47:42 +0100] "GET / HTTP/1.1" 200 8311 "-" "Mozilla/5.0 (Windows NT 6.1; Win64; x64) AppleWebKit/537.36 (KHTML, like Gecko) Chrome/72.0.3626.81 Safari/537.36"
17.43.149.114 - - [19/Oct/2021:10:48:06 +0100] "GET //www.privacypolicies.com/public/cookie-consent/3.1.0/cookie-consent.js HTTP/1.1" 404 3039 "-" "Mozilla/5.0 (Linux; U; Android 2.3.3; ko-kr; SHW-M250S Build/GINGERBREAD) AppleWebKit/533.1 (KHTML, like Gecko) Version/4.0 Mobile Safari/533.1"
17.43.149.114 - - [19/Oct/2021:10:48:09 +0100] "GET /jquery.min.js HTTP/1.1" 404 3040 "-" "Mozilla/5.0 (Windows NT 6.2; Win64; x64) AppleWebKit/537.36 (KHTML, like Gecko) Chrome/76.0.3809.100 Safari/537.36"
17.43.149.114 - - [19/Oct/2021:10:48:11 +0100] "GET /popper.min.js HTTP/1.1" 301 578 "-" "Mozilla/5.0 (Linux; Android 9; STK-LX1) AppleWebKit/537.36 (KHTML, like Gecko) Chrome/76.0.3809.111 Mobile Safari/537.36"
17.43.149.114 - - [19/Oct/2021:10:48:11 +0100] "GET /custom.js HTTP/1.1" 301 570 "-" "Mozilla/5.0 (X11; Linux x86_64) AppleWebKit/537.36 (KHTML, like Gecko) Chrome/46.0.2490.86 Safari/537.36"
17.43.149.114 - - [19/Oct/2021:10:48:11 +0100] "GET /bootstrap.min.js HTTP/1.1" 301 584 "-" "Mozilla/5.0 (Linux; Android 9; SM-G960F) AppleWebKit/537.36 (KHTML, like Gecko) Chrome/74.0.3729.136 Mobile Safari/537.36"
85.161.219.36 - - [19/Oct/2021:10:48:21 +0100] "POST /loki/api/v1/push HTTP/1.1" 204 3125 "-" "promtail/"
17.43.149.114 - - [19/Oct/2021:10:49:14 +0100] "GET //www.privacypolicies.com/public/cookie-consent/3.1.0/cookie-consent.js HTTP/1.1" 404 3039 "-" "Facebot"
17.43.149.114 - - [19/Oct/2021:10:49:14 +0100] "GET /popper.min.js HTTP/1.1" 404 3040 "-" "Mozilla/5.0 (Linux; Android 8.0.0; SM-G935U) AppleWebKit/537.36 (KHTML, like Gecko) Chrome/76.0.3809.111 Mobile Safari/537.36"
17.43.149.114 - - [19/Oct/2021:10:49:15 +0100] "GET /custom.js HTTP/1.1" 404 3040 "-" "Mozilla/5.0 (Macintosh; Intel Mac OS X 10_14_6) AppleWebKit/537.36 (KHTML, like Gecko) Chrome/75.0.3770.80 Safari/537.36"
17.43.149.114 - - [19/Oct/2021:10:49:16 +0100] "GET /bootstrap.min.js HTTP/1.1" 404 3041 "-" "Mozilla/5.0 (X11; Linux i686 on x86_64; rv:2.0.1) Gecko/20100101 Firefox/4.0.1 Fennec/2.0.1"
17.43.149.114 - - [19/Oct/2021:10:49:17 +0100] "GET /jquery.min.js HTTP/1.1" 404 3039 "-" "Mozilla/5.0 (Linux; Android 9; Mi A1) AppleWebKit/537.36 (KHTML, like Gecko) Chrome/74.0.3729.157 Mobile Safari/537.36"
85.161.219.36 - - [19/Oct/2021:10:49:21 +0100] "POST /loki/api/v1/push HTTP/1.1" 204 3125 "-" "promtail/"
17.43.149.114 - - [19/Oct/2021:10:50:16 +0100] "GET //www.privacypolicies.com/public/cookie-consent/3.1.0/cookie-consent.js HTTP/1.1" 404 3041 "-" "everyfeed-spider/2.0 (http://www.everyfeed.com)"
17.43.149.114 - - [19/Oct/2021:10:50:16 +0100] "GET /popper.min.js HTTP/1.1" 404 3039 "-" "Mozilla/5.0 (Linux; Android 7.0; Nexus 9 Build/NRD90R) AppleWebKit/537.36 (KHTML, like Gecko) Chrome/53.0.2785.124 Safari/537.36"
17.43.149.114 - - [19/Oct/2021:10:50:19 +0100] "GET /bootstrap.min.js HTTP/1.1" 404 3041 "-" "Googlebot-News"
17.43.149.114 - - [19/Oct/2021:10:50:19 +0100] "GET /custom.js HTTP/1.1" 404 3040 "-" "Mozilla/5.0 (Windows NT 5.2; rv:10.0.1) Gecko/20100101 Firefox/10.0.1 SeaMonkey/2.7.1"
85.161.219.36 - - [19/Oct/2021:10:50:21 +0100] "POST /loki/api/v1/push HTTP/1.1" 204 3125 "-" "promtail/"
17.43.149.114 - - [19/Oct/2021:10:50:21 +0100] "GET /jquery.min.js HTTP/1.1" 404 3039 "-" "Mozilla/5.0 (Macintosh; Intel Mac OS X 10_14_6) AppleWebKit/537.36 (KHTML, like Gecko) Chrome/74.0.3729.169 YaBrowser/19.6.0.1583 Yowser/2.5 Safari/537.36"
85.161.219.36 - - [19/Oct/2021:10:51:21 +0100] "POST /loki/api/v1/push HTTP/1.1" 204 3125 "-" "promtail/"
14.51.206.113 - - [19/Oct/2021:10:51:22 +0100] "GET / HTTP/1.1" 200 224411 "-" "Uptime-Kuma/1.23.9"
14.51.206.113 - - [19/Oct/2021:10:51:24 +0100] "GET /maintenance HTTP/1.1" 503 21203 "-" "Uptime-Kuma/1.23.9"
14.51.206.113 - - [19/Oct/2021:10:51:36 +0100] "GET / HTTP/1.1" 200 30005 "-" "Uptime-Kuma/1.23.9"
14.51.206.113 - - [19/Oct/2021:10:51:37 +0100] "GET / HTTP/1.1" 302 3467 "-" "Uptime-Kuma/1.23.9"
14.51.206.113 - - [19/Oct/2021:10:51:37 +0100] "GET /login HTTP/1.1" 200 9401 "-" "Uptime-Kuma/1.23.9"
14.51.206.113 - - [19/Oct/2021:10:51:38 +0100] "GET /loki/api/v1/status/buildinfo HTTP/1.1" 200 3348 "-" "Uptime-Kuma/1.23.9"
49.12.91.132 - - [19/Oct/2021:10:51:39 +0100] "POST /api/oauth/token HTTP/1.1" 200 4957 "-" "SomeService/1.0"
17.43.149.114 - - [19/Oct/2021:10:51:39 +0100] "GET /jquery.min.js HTTP/1.1" 404 3040 "-" "Mozilla/5.0 (Linux; Android 8.0.0; BLA-L29) AppleWebKit/537.36 (KHTML, like Gecko) Chrome/76.0.3809.111 Mobile Safari/537.36"
49.12.91.132 - - [19/Oct/2021:10:51:39 +0100] "POST /api/search/order HTTP/1.1" 200 1057 "-" "SomeService/1.0"
17.43.149.114 - - [19/Oct/2021:10:51:41 +0100] "GET /popper.min.js HTTP/1.1" 404 3040 "-" "Mozilla/5.0 (Macintosh; Intel Mac OS X 10_14_0) AppleWebKit/537.36 (KHTML, like Gecko) Chrome/74.0.3729.131 Safari/537.36"
17.43.149.114 - - [19/Oct/2021:10:51:42 +0100] "GET /custom.js HTTP/1.1" 404 3040 "-" "Mozilla/5.0 (Windows NT 6.2) AppleWebKit/537.36 (KHTML, like Gecko) Chrome/75.0.3770.142 Safari/537.36 OPR/62.0.3331.116"
17.43.149.114 - - [19/Oct/2021:10:51:43 +0100] "GET /bootstrap.min.js HTTP/1.1" 301 584 "-" "Mozilla/5.0 (X11; Linux x86_64) AppleWebKit/537.36 (KHTML like Gecko) Chrome/36.0.1985.125 Safari/537.36"
17.43.149.114 - - [19/Oct/2021:10:51:43 +0100] "GET //www.privacypolicies.com/public/cookie-consent/3.1.0/cookie-consent.js HTTP/1.1" 301 690 "-" "Mozilla/5.0 (Linux; Android 9; Redmi Note 7) AppleWebKit/537.36 (KHTML, like Gecko) Chrome/76.0.3809.111 Mobile Safari/537.36"
49.12.91.132 - - [19/Oct/2021:10:52:17 +0100] "POST /api/search/order HTTP/1.1" 200 1198 "-" "SomeService/1.0"
49.12.91.132 - - [19/Oct/2021:10:52:19 +0100] "POST /api/search/order HTTP/1.1" 200 1057 "-" "SomeService/1.0"
85.161.219.36 - - [19/Oct/2021:10:52:21 +0100] "POST /loki/api/v1/push HTTP/1.1" 204 3126 "-" "promtail/"
49.12.91.132 - - [19/Oct/2021:10:52:46 +0100] "POST /api/search/order HTTP/1.1" 200 1198 "-" "SomeService/1.0"
85.161.219.36 - - [19/Oct/2021:10:53:21 +0100] "POST /loki/api/v1/push HTTP/1.1" 204 3124 "-" "promtail/"
85.161.219.36 - - [19/Oct/2021:10:54:21 +0100] "POST /loki/api/v1/push HTTP/1.1" 204 3124 "-" "promtail/"
85.161.219.36 - - [19/Oct/2021:10:55:21 +0100] "POST /loki/api/v1/push HTTP/1.1" 204 3125 "-" "promtail/"
85.161.219.36 - - [19/Oct/2021:10:56:21 +0100] "POST /loki/api/v1/push HTTP/1.1" 204 3126 "-" "promtail/"
85.161.219.36 - - [19/Oct/2021:10:57:21 +0100] "POST /loki/api/v1/push HTTP/1.1" 204 3125 "-" "promtail/"
85.161.219.36 - - [19/Oct/2021:10:58:21 +0100] "POST /loki/api/v1/push HTTP/1.1" 204 3125 "-" "promtail/"
85.161.219.36 - - [19/Oct/2021:10:59:21 +0100] "POST /loki/api/v1/push HTTP/1.1" 204 3125 "-" "promtail/"
85.161.219.36 - - [19/Oct/2021:11:00:21 +0100] "POST /loki/api/v1/push HTTP/1.1" 204 3126 "-" "promtail/"
49.12.91.132 - - [19/Oct/2021:11:00:42 +0100] "POST /api/oauth/token HTTP/1.1" 200 4961 "-" "SomeService/1.0"
49.12.91.132 - - [19/Oct/2021:11:00:42 +0100] "POST /api/search/order HTTP/1.1" 200 1057 "-" "SomeService/1.0"
49.12.91.132 - - [19/Oct/2021:11:00:43 +0100] "POST /api/search/order HTTP/1.1" 200 1057 "-" "SomeService/1.0"
49.12.91.132 - - [19/Oct/2021:11:00:45 +0100] "POST /api/search/order HTTP/1.1" 200 1057 "-" "SomeService/1.0"
85.161.219.36 - - [19/Oct/2021:11:01:21 +0100] "POST /loki/api/v1/push HTTP/1.1" 204 3125 "-" "promtail/"
14.51.206.113 - - [19/Oct/2021:11:01:22 +0100] "GET / HTTP/1.1" 200 224411 "-" "Uptime-Kuma/1.23.9"
14.51.206.113 - - [19/Oct/2021:11:01:24 +0100] "GET /maintenance HTTP/1.1" 503 21202 "-" "Uptime-Kuma/1.23.9"
14.51.206.113 - - [19/Oct/2021:11:01:36 +0100] "GET / HTTP/1.1" 200 30004 "-" "Uptime-Kuma/1.23.9"
14.51.206.113 - - [19/Oct/2021:11:01:37 +0100] "GET / HTTP/1.1" 302 3467 "-" "Uptime-Kuma/1.23.9"
14.51.206.113 - - [19/Oct/2021:11:01:37 +0100] "GET /login HTTP/1.1" 200 9401 "-" "Uptime-Kuma/1.23.9"
14.51.206.113 - - [19/Oct/2021:11:01:38 +0100] "GET /loki/api/v1/status/buildinfo HTTP/1.1" 200 3347 "-" "Uptime-Kuma/1.23.9"
85.161.219.36 - - [19/Oct/2021:11:02:21 +0100] "POST /loki/api/v1/push HTTP/1.1" 204 3126 "-" "promtail/"
85.161.219.36 - - [19/Oct/2021:11:03:21 +0100] "POST /loki/api/v1/push HTTP/1.1" 204 3125 "-" "promtail/"
85.161.219.36 - - [19/Oct/2021:11:04:21 +0100] "POST /loki/api/v1/push HTTP/1.1" 204 3125 "-" "promtail/"
185.242.226.99 - - [19/Oct/2021:11:04:54 +0100] "GET /images/startpage.png HTTP/1.1" 301 605 "-" "python-requests/2.26.0"
185.242.226.99 - - [19/Oct/2021:11:04:54 +0100] "GET /images/startpage.png HTTP/1.1" 200 394415 "-" "python-requests/2.26.0"
185.242.226.99 - - [19/Oct/2021:11:04:54 +0100] "GET /favicon.ico HTTP/1.1" 301 587 "-" "python-requests/2.26.0"
185.242.226.99 - - [19/Oct/2021:11:04:54 +0100] "GET /favicon.ico HTTP/1.1" 200 4124 "-" "python-requests/2.26.0"
185.242.226.99 - - [19/Oct/2021:11:04:54 +0100] "GET / HTTP/1.1" 301 565 "-" "python-requests/2.26.0"
185.242.226.99 - - [19/Oct/2021:11:04:54 +0100] "GET / HTTP/1.1" 200 8380 "-" "python-requests/2.26.0"
85.161.219.36 - - [19/Oct/2021:11:05:21 +0100] "POST /loki/api/v1/push HTTP/1.1" 204 3125 "-" "promtail/"
85.161.219.36 - - [19/Oct/2021:11:06:21 +0100] "POST /loki/api/v1/push HTTP/1.1" 204 3126 "-" "promtail/"
185.242.226.99 - - [19/Oct/2021:11:06:41 +0100] "GET /images/startpage.png HTTP/1.1" 301 605 "-" "python-requests/2.26.0"
185.242.226.99 - - [19/Oct/2021:11:06:41 +0100] "GET /images/startpage.png HTTP/1.1" 200 394414 "-" "python-requests/2.26.0"
185.242.226.99 - - [19/Oct/2021:11:06:41 +0100] "GET /favicon.ico HTTP/1.1" 301 587 "-" "python-requests/2.26.0"
185.242.226.99 - - [19/Oct/2021:11:06:41 +0100] "GET /favicon.ico HTTP/1.1" 200 4124 "-" "python-requests/2.26.0"
185.242.226.99 - - [19/Oct/2021:11:06:41 +0100] "GET / HTTP/1.1" 301 565 "-" "python-requests/2.26.0"
185.242.226.99 - - [19/Oct/2021:11:06:41 +0100] "GET / HTTP/1.1" 200 8379 "-" "python-requests/2.26.0"
85.161.219.36 - - [19/Oct/2021:11:07:21 +0100] "POST /loki/api/v1/push HTTP/1.1" 204 3125 "-" "promtail/"
49.12.91.132 - - [19/Oct/2021:11:08:18 +0100] "POST /api/search/order HTTP/1.1" 200 3833 "-" "SomeService/1.0"
49.12.91.132 - - [19/Oct/2021:11:08:18 +0100] "POST /api/search/order HTTP/1.1" 200 1057 "-" "SomeService/1.0"
85.161.219.36 - - [19/Oct/2021:11:08:21 +0100] "POST /loki/api/v1/push HTTP/1.1" 204 3125 "-" "promtail/"
161.35.71.94 - - [19/Oct/2021:11:08:46 +0100] "GET /.env HTTP/1.1" 404 2827 "-" "Mozilla/5.0 Keydrop"
161.35.71.94 - - [19/Oct/2021:11:08:46 +0100] "GET / HTTP/1.0" 400 620 "-" "-"
85.161.219.36 - - [19/Oct/2021:11:09:21 +0100] "POST /loki/api/v1/push HTTP/1.1" 204 3125 "-" "promtail/"
85.161.219.36 - - [19/Oct/2021:11:10:21 +0100] "POST /loki/api/v1/push HTTP/1.1" 204 3124 "-" "promtail/"
66.249.66.18 - - [19/Oct/2021:11:11:03 +0100] "GET /robots.txt HTTP/1.1" 307 4385 "-" "Mozilla/5.0 (compatible; Googlebot/2.1; +http://www.google.com/bot.html)"
66.249.66.17 - - [19/Oct/2021:11:11:04 +0100] "GET /maintenance HTTP/1.1" 503 21185 "-" "Mozilla/5.0 (compatible; Googlebot/2.1; +http://www.google.com/bot.html)"
85.161.219.36 - - [19/Oct/2021:11:11:21 +0100] "POST /loki/api/v1/push HTTP/1.1" 204 3124 "-" "promtail/"
14.51.206.113 - - [19/Oct/2021:11:11:22 +0100] "GET / HTTP/1.1" 200 224411 "-" "Uptime-Kuma/1.23.9"
14.51.206.113 - - [19/Oct/2021:11:11:24 +0100] "GET /maintenance HTTP/1.1" 503 21203 "-" "Uptime-Kuma/1.23.9"
14.51.206.113 - - [19/Oct/2021:11:11:36 +0100] "GET / HTTP/1.1" 200 30005 "-" "Uptime-Kuma/1.23.9"
14.51.206.113 - - [19/Oct/2021:11:11:37 +0100] "GET / HTTP/1.1" 302 3466 "-" "Uptime-Kuma/1.23.9"
14.51.206.113 - - [19/Oct/2021:11:11:37 +0100] "GET /login HTTP/1.1" 200 9401 "-" "Uptime-Kuma/1.23.9"
14.51.206.113 - - [19/Oct/2021:11:11:38 +0100] "GET /loki/api/v1/status/buildinfo HTTP/1.1" 200 3346 "-" "Uptime-Kuma/1.23.9"
85.161.219.36 - - [19/Oct/2021:11:12:21 +0100] "POST /loki/api/v1/push HTTP/1.1" 204 3125 "-" "promtail/"
85.161.219.36 - - [19/Oct/2021:11:13:21 +0100] "POST /loki/api/v1/push HTTP/1.1" 204 3124 "-" "promtail/"
85.161.219.36 - - [19/Oct/2021:11:14:21 +0100] "POST /loki/api/v1/push HTTP/1.1" 204 3124 "-" "promtail/"
185.242.226.109 - - [19/Oct/2021:11:14:32 +0100] "GET / HTTP/1.1" 200 8106 "-" "Mozilla/5.0 (Windows NT 10.0; Win64; x64) AppleWebKit/537.36 (KHTML, like Gecko) Chrome/88.0.4324.190 Safari/537.36"
45.148.10.35 - - [19/Oct/2021:11:14:52 +0100] "\x16\x03\x01" 400 504 "-" "-"
45.148.10.35 - - [19/Oct/2021:11:14:52 +0100] "GET / HTTP/1.1" 400 504 "-" "-"
45.148.10.35 - - [19/Oct/2021:11:14:52 +0100] "GET / HTTP/1.1" 301 528 "-" "l9tcpid/v1.1.0"
45.148.10.35 - - [19/Oct/2021:11:14:52 +0100] "GET /server/backup/.git/config HTTP/1.1" 301 578 "-" "l9explore/1.2.2"
45.148.10.35 - - [19/Oct/2021:11:14:52 +0100] "GET /media/.git/config HTTP/1.1" 301 562 "-" "l9explore/1.2.2"
45.148.10.35 - - [19/Oct/2021:11:14:52 +0100] "GET /dev/backup/.git/config HTTP/1.1" 301 572 "-" "l9explore/1.2.2"
45.148.10.35 - - [19/Oct/2021:11:14:52 +0100] "GET /.git/config HTTP/1.1" 301 550 "-" "l9explore/1.2.2"
45.148.10.35 - - [19/Oct/2021:11:14:52 +0100] "GET /media../.git/config HTTP/1.1" 301 566 "-" "l9explore/1.2.2"
45.148.10.35 - - [19/Oct/2021:11:14:52 +0100] "GET /modules/utils/.git/config HTTP/1.1" 301 578 "-" "l9explore/1.2.2"
45.148.10.35 - - [19/Oct/2021:11:14:52 +0100] "GET /project/.git/config HTTP/1.1" 301 566 "-" "l9explore/1.2.2"
45.148.10.35 - - [19/Oct/2021:11:14:52 +0100] "GET /public/.git/config HTTP/1.1" 301 564 "-" "l9explore/1.2.2"
45.148.10.35 - - [19/Oct/2021:11:14:52 +0100] "GET /app/resources/.git/config HTTP/1.1" 301 578 "-" "l9explore/1.2.2"
85.161.219.36 - - [19/Oct/2021:11:15:21 +0100] "POST /loki/api/v1/push HTTP/1.1" 204 3125 "-" "promtail/"
85.161.219.36 - - [19/Oct/2021:11:16:21 +0100] "POST /loki/api/v1/push HTTP/1.1" 204 3125 "-" "promtail/"
85.161.219.36 - - [19/Oct/2021:11:17:21 +0100] "POST /loki/api/v1/push HTTP/1.1" 204 3124 "-" "promtail/"
85.161.219.36 - - [19/Oct/2021:11:18:21 +0100] "POST /loki/api/v1/push HTTP/1.1" 204 3126 "-" "promtail/"
85.161.219.36 - - [19/Oct/2021:11:19:21 +0100] "POST /loki/api/v1/push HTTP/1.1" 204 3125 "-" "promtail/"
85.161.219.36 - - [19/Oct/2021:11:20:21 +0100] "POST /loki/api/v1/push HTTP/1.1" 204 3125 "-" "promtail/"
85.161.219.36 - - [19/Oct/2021:11:21:21 +0100] "POST /loki/api/v1/push HTTP/1.1" 204 3124 "-" "promtail/"
14.51.206.113 - - [19/Oct/2021:11:21:22 +0100] "GET / HTTP/1.1" 200 224411 "-" "Uptime-Kuma/1.23.9"
14.51.206.113 - - [19/Oct/2021:11:21:24 +0100] "GET /maintenance HTTP/1.1" 503 21203 "-" "Uptime-Kuma/1.23.9"
14.51.206.113 - - [19/Oct/2021:11:21:36 +0100] "GET / HTTP/1.1" 200 30005 "-" "Uptime-Kuma/1.23.9"
14.51.206.113 - - [19/Oct/2021:11:21:37 +0100] "GET / HTTP/1.1" 302 3468 "-" "Uptime-Kuma/1.23.9"
14.51.206.113 - - [19/Oct/2021:11:21:37 +0100] "GET /login HTTP/1.1" 200 9402 "-" "Uptime-Kuma/1.23.9"
14.51.206.113 - - [19/Oct/2021:11:21:38 +0100] "GET /loki/api/v1/status/buildinfo HTTP/1.1" 200 3346 "-" "Uptime-Kuma/1.23.9"
49.12.91.132 - - [19/Oct/2021:11:21:49 +0100] "POST /api/oauth/token HTTP/1.1" 200 4954 "-" "SomeService/1.0"
49.12.91.132 - - [19/Oct/2021:11:21:49 +0100] "POST /api/search/order HTTP/1.1" 200 1057 "-" "SomeService/1.0"
49.12.91.132 - - [19/Oct/2021:11:21:52 +0100] "POST /api/search/order HTTP/1.1" 200 1057 "-" "SomeService/1.0"
64.124.8.232 - - [19/Oct/2021:11:22:13 +0100] "GET /robots.txt HTTP/1.1" 404 3102 "-" "Mozilla/5.0 (compatible; ImagesiftBot; +imagesift.com)"
64.124.8.232 - - [19/Oct/2021:11:22:13 +0100] "GET / HTTP/1.1" 200 5792 "-" "Mozilla/5.0 (compatible; ImagesiftBot; +imagesift.com)"
85.161.219.36 - - [19/Oct/2021:11:22:21 +0100] "POST /loki/api/v1/push HTTP/1.1" 204 3125 "-" "promtail/"
49.12.91.132 - - [19/Oct/2021:11:23:01 +0100] "POST /api/search/order HTTP/1.1" 200 1198 "-" "SomeService/1.0"
49.12.91.132 - - [19/Oct/2021:11:23:11 +0100] "POST /api/search/order HTTP/1.1" 200 1198 "-" "SomeService/1.0"
85.161.219.36 - - [19/Oct/2021:11:23:21 +0100] "POST /loki/api/v1/push HTTP/1.1" 204 3126 "-" "promtail/"
85.161.219.36 - - [19/Oct/2021:11:24:21 +0100] "POST /loki/api/v1/push HTTP/1.1" 204 3125 "-" "promtail/"
85.161.219.36 - - [19/Oct/2021:11:25:21 +0100] "POST /loki/api/v1/push HTTP/1.1" 204 3125 "-" "promtail/"
193.32.162.125 - - [19/Oct/2021:11:25:43 +0100] "GET /.env HTTP/1.1" 301 573 "-" "Mozilla/5.0 (Macintosh; Intel Mac OS X 10.15; rv:77.0) Gecko/20100101 Firefox/77.0"
85.161.219.36 - - [19/Oct/2021:11:26:21 +0100] "POST /loki/api/v1/push HTTP/1.1" 204 3126 "-" "promtail/"
85.161.219.36 - - [19/Oct/2021:11:27:21 +0100] "POST /loki/api/v1/push HTTP/1.1" 204 3125 "-" "promtail/"
85.161.219.36 - - [19/Oct/2021:11:28:21 +0100] "POST /loki/api/v1/push HTTP/1.1" 204 3125 "-" "promtail/"
85.161.219.36 - - [19/Oct/2021:11:29:21 +0100] "POST /loki/api/v1/push HTTP/1.1" 204 3125 "-" "promtail/"
85.161.219.36 - - [19/Oct/2021:11:30:21 +0100] "POST /loki/api/v1/push HTTP/1.1" 204 3125 "-" "promtail/"
85.161.219.36 - - [19/Oct/2021:11:31:21 +0100] "POST /loki/api/v1/push HTTP/1.1" 204 3124 "-" "promtail/"
14.51.206.113 - - [19/Oct/2021:11:31:22 +0100] "GET / HTTP/1.1" 200 224412 "-" "Uptime-Kuma/1.23.9"
14.51.206.113 - - [19/Oct/2021:11:31:25 +0100] "GET /maintenance HTTP/1.1" 503 21203 "-" "Uptime-Kuma/1.23.9"
14.51.206.113 - - [19/Oct/2021:11:31:36 +0100] "GET / HTTP/1.1" 200 30005 "-" "Uptime-Kuma/1.23.9"
14.51.206.113 - - [19/Oct/2021:11:31:37 +0100] "GET / HTTP/1.1" 302 3467 "-" "Uptime-Kuma/1.23.9"
14.51.206.113 - - [19/Oct/2021:11:31:37 +0100] "GET /login HTTP/1.1" 200 9401 "-" "Uptime-Kuma/1.23.9"
14.51.206.113 - - [19/Oct/2021:11:31:38 +0100] "GET /loki/api/v1/status/buildinfo HTTP/1.1" 200 3347 "-" "Uptime-Kuma/1.23.9"
85.161.219.36 - - [19/Oct/2021:11:32:22 +0100] "POST /loki/api/v1/push HTTP/1.1" 204 3126 "-" "promtail/"
85.161.219.36 - - [19/Oct/2021:11:33:22 +0100] "POST /loki/api/v1/push HTTP/1.1" 204 3126 "-" "promtail/"
49.12.91.132 - - [19/Oct/2021:11:33:40 +0100] "POST /api/oauth/token HTTP/1.1" 200 4956 "-" "SomeService/1.0"
49.12.91.132 - - [19/Oct/2021:11:33:40 +0100] "POST /api/search/order HTTP/1.1" 200 1057 "-" "SomeService/1.0"
85.161.219.36 - - [19/Oct/2021:11:34:22 +0100] "POST /loki/api/v1/push HTTP/1.1" 204 3126 "-" "promtail/"
85.161.219.36 - - [19/Oct/2021:11:35:22 +0100] "POST /loki/api/v1/push HTTP/1.1" 204 3125 "-" "promtail/"
85.161.219.36 - - [19/Oct/2021:11:36:22 +0100] "POST /loki/api/v1/push HTTP/1.1" 204 3126 "-" "promtail/"
179.43.175.250 - - [19/Oct/2021:11:37:21 +0100] "GET / HTTP/1.1" 301 565 "-" "Mozilla/5.0 (Windows NT 10.0; Win64; x64) AppleWebKit/537.36 (KHTML, like Gecko) Chrome/90.0.4430.85 Safari/537.36 Edg/90.0.818.46"
85.161.219.36 - - [19/Oct/2021:11:37:22 +0100] "POST /loki/api/v1/push HTTP/1.1" 204 3125 "-" "promtail/"
85.161.219.36 - - [19/Oct/2021:11:38:22 +0100] "POST /loki/api/v1/push HTTP/1.1" 204 3125 "-" "promtail/"
85.161.219.36 - - [19/Oct/2021:11:39:22 +0100] "POST /loki/api/v1/push HTTP/1.1" 204 3124 "-" "promtail/"
85.161.219.36 - - [19/Oct/2021:11:40:22 +0100] "POST /loki/api/v1/push HTTP/1.1" 204 3126 "-" "promtail/"
49.12.91.132 - - [19/Oct/2021:11:40:31 +0100] "POST /api/search/order HTTP/1.1" 200 3833 "-" "SomeService/1.0"
49.12.91.132 - - [19/Oct/2021:11:41:19 +0100] "POST /api/search/order HTTP/1.1" 200 1198 "-" "SomeService/1.0"
85.161.219.36 - - [19/Oct/2021:11:41:22 +0100] "POST /loki/api/v1/push HTTP/1.1" 204 3125 "-" "promtail/"
14.51.206.113 - - [19/Oct/2021:11:41:22 +0100] "GET / HTTP/1.1" 200 224411 "-" "Uptime-Kuma/1.23.9"
14.51.206.113 - - [19/Oct/2021:11:41:25 +0100] "GET /maintenance HTTP/1.1" 503 21202 "-" "Uptime-Kuma/1.23.9"
14.51.206.113 - - [19/Oct/2021:11:41:36 +0100] "GET / HTTP/1.1" 200 30006 "-" "Uptime-Kuma/1.23.9"
14.51.206.113 - - [19/Oct/2021:11:41:37 +0100] "GET / HTTP/1.1" 302 3467 "-" "Uptime-Kuma/1.23.9"
14.51.206.113 - - [19/Oct/2021:11:41:37 +0100] "GET /login HTTP/1.1" 200 9401 "-" "Uptime-Kuma/1.23.9"
14.51.206.113 - - [19/Oct/2021:11:41:38 +0100] "GET /loki/api/v1/status/buildinfo HTTP/1.1" 200 3347 "-" "Uptime-Kuma/1.23.9"
85.161.219.36 - - [19/Oct/2021:11:42:22 +0100] "POST /loki/api/v1/push HTTP/1.1" 204 3125 "-" "promtail/"
85.161.219.36 - - [19/Oct/2021:11:43:22 +0100] "POST /loki/api/v1/push HTTP/1.1" 204 3125 "-" "promtail/"
64.124.8.232 - - [19/Oct/2021:11:43:38 +0100] "GET /favicon.ico HTTP/1.1" 200 4126 "-" "Mozilla/5.0 (compatible; ImagesiftBot; +imagesift.com)"
93.236.216.231 - - [19/Oct/2021:11:44:11 +0100] "GET /thumbnail/b7/ab/d3/1691399460/bilder%20ebay%20(1)_400x400.png HTTP/1.1" 200 319951 "https://itm.ebaydesc.com/" "Mozilla/5.0 (Windows NT 10.0; Win64; x64; rv:136.0) Gecko/20100101 Firefox/136.0"
93.236.216.231 - - [19/Oct/2021:11:44:11 +0100] "GET /thumbnail/a7/4b/a7/1694435826/shopify%20bild%20(10)_400x400.png HTTP/1.1" 200 257685 "https://itm.ebaydesc.com/" "Mozilla/5.0 (Windows NT 10.0; Win64; x64; rv:136.0) Gecko/20100101 Firefox/136.0"
93.236.216.231 - - [19/Oct/2021:11:44:11 +0100] "GET /media/93/bb/6d/1691407185/bilder%20ebay.png HTTP/1.1" 200 1333193 "https://itm.ebaydesc.com/" "Mozilla/5.0 (Windows NT 10.0; Win64; x64; rv:136.0) Gecko/20100101 Firefox/136.0"
85.161.219.36 - - [19/Oct/2021:11:44:22 +0100] "POST /loki/api/v1/push HTTP/1.1" 204 3125 "-" "promtail/"
85.161.219.36 - - [19/Oct/2021:11:45:22 +0100] "POST /loki/api/v1/push HTTP/1.1" 204 3125 "-" "promtail/"
85.161.219.36 - - [19/Oct/2021:11:46:22 +0100] "POST /loki/api/v1/push HTTP/1.1" 204 3124 "-" "promtail/"
85.161.219.36 - - [19/Oct/2021:11:47:22 +0100] "POST /loki/api/v1/push HTTP/1.1" 204 3125 "-" "promtail/"
85.161.219.36 - - [19/Oct/2021:11:48:22 +0100] "POST /loki/api/v1/push HTTP/1.1" 204 3125 "-" "promtail/"
85.161.219.36 - - [19/Oct/2021:11:49:22 +0100] "POST /loki/api/v1/push HTTP/1.1" 204 3124 "-" "promtail/"
85.161.219.36 - - [19/Oct/2021:11:50:22 +0100] "POST /loki/api/v1/push HTTP/1.1" 204 3125 "-" "promtail/"
85.161.219.36 - - [19/Oct/2021:11:51:22 +0100] "POST /loki/api/v1/push HTTP/1.1" 204 3125 "-" "promtail/"
14.51.206.113 - - [19/Oct/2021:11:51:22 +0100] "GET / HTTP/1.1" 200 224411 "-" "Uptime-Kuma/1.23.9"
14.51.206.113 - - [19/Oct/2021:11:51:25 +0100] "GET /maintenance HTTP/1.1" 503 21203 "-" "Uptime-Kuma/1.23.9"
14.51.206.113 - - [19/Oct/2021:11:51:36 +0100] "GET / HTTP/1.1" 200 30005 "-" "Uptime-Kuma/1.23.9"
14.51.206.113 - - [19/Oct/2021:11:51:37 +0100] "GET / HTTP/1.1" 302 3466 "-" "Uptime-Kuma/1.23.9"
14.51.206.113 - - [19/Oct/2021:11:51:37 +0100] "GET /login HTTP/1.1" 200 9401 "-" "Uptime-Kuma/1.23.9"
14.51.206.113 - - [19/Oct/2021:11:51:38 +0100] "GET /loki/api/v1/status/buildinfo HTTP/1.1" 200 3348 "-" "Uptime-Kuma/1.23.9"
85.161.219.36 - - [19/Oct/2021:11:52:22 +0100] "POST /loki/api/v1/push HTTP/1.1" 204 3125 "-" "promtail/"
162.142.125.220 - - [19/Oct/2021:11:53:10 +0100] "GET / HTTP/1.0" 400 620 "-" "-"
162.142.125.220 - - [19/Oct/2021:11:53:16 +0100] "GET / HTTP/1.0" 400 620 "-" "-"
85.161.219.36 - - [19/Oct/2021:11:53:22 +0100] "POST /loki/api/v1/push HTTP/1.1" 204 3126 "-" "promtail/"
162.142.125.220 - - [19/Oct/2021:11:53:29 +0100] "GET / HTTP/1.1" 200 8292 "-" "Mozilla/5.0 (compatible; CensysInspect/1.1; +https://about.censys.io/)"
162.142.125.220 - - [19/Oct/2021:11:53:32 +0100] "GET /favicon.ico HTTP/1.1" 200 4054 "-" "Mozilla/5.0 (compatible; CensysInspect/1.1; +https://about.censys.io/)"
49.12.91.132 - - [19/Oct/2021:11:54:13 +0100] "POST /api/oauth/token HTTP/1.1" 200 4951 "-" "SomeService/1.0"
49.12.91.132 - - [19/Oct/2021:11:54:13 +0100] "POST /api/search/order HTTP/1.1" 200 1057 "-" "SomeService/1.0"
85.161.219.36 - - [19/Oct/2021:11:54:22 +0100] "POST /loki/api/v1/push HTTP/1.1" 204 3125 "-" "promtail/"
85.161.219.36 - - [19/Oct/2021:11:55:22 +0100] "POST /loki/api/v1/push HTTP/1.1" 204 3124 "-" "promtail/"
85.161.219.36 - - [19/Oct/2021:11:56:22 +0100] "POST /loki/api/v1/push HTTP/1.1" 204 3124 "-" "promtail/"
85.161.219.36 - - [19/Oct/2021:11:57:22 +0100] "POST /loki/api/v1/push HTTP/1.1" 204 3125 "-" "promtail/"
85.161.219.36 - - [19/Oct/2021:11:58:22 +0100] "POST /loki/api/v1/push HTTP/1.1" 204 3124 "-" "promtail/"
